// Jest Snapshot v1, https://goo.gl/fbAQLP

exports[`inverse captcha part 2 What is the solution to your new captcha? 1`] = `1047`;
