// Jest Snapshot v1, https://goo.gl/fbAQLP

exports[`inverse captcha What is the solution to your captcha? 1`] = `undefined`;
