// Jest Snapshot v1, https://goo.gl/fbAQLP

exports[`corruption checksum What is the checksum for the spreadsheet in your puzzle input? 1`] = `0`;
